// Jest Snapshot v1, https://goo.gl/fbAQLP

exports[`Renders a track 1`] = `null`;
