// Jest Snapshot v1, https://goo.gl/fbAQLP

exports[`Renders a track link 1`] = `null`;
